[0.762s] Invoking command in '/home/andy/ros2_ws/src/manipulation': PYTHONPATH=/home/andy/ros2_ws/src/manipulation/build/manipulation/prefix_override:/usr/lib/python3/dist-packages/colcon_core/task/python/colcon_distutils_commands:/home/andy/ros2_ws/src/manipulation/install/manipulation/lib/python3.10/site-packages:${PYTHONPATH} /usr/bin/python3 -W ignore:setup.py install is deprecated -W ignore:easy_install command is deprecated setup.py egg_info --egg-base build/manipulation build --build-base /home/andy/ros2_ws/src/manipulation/build/manipulation/build install --record /home/andy/ros2_ws/src/manipulation/build/manipulation/install.log --single-version-externally-managed install_data
[1.089s] running egg_info
[1.090s] creating build/manipulation/manipulation.egg-info
[1.090s] writing build/manipulation/manipulation.egg-info/PKG-INFO
[1.090s] writing dependency_links to build/manipulation/manipulation.egg-info/dependency_links.txt
[1.090s] writing entry points to build/manipulation/manipulation.egg-info/entry_points.txt
[1.091s] writing requirements to build/manipulation/manipulation.egg-info/requires.txt
[1.091s] writing top-level names to build/manipulation/manipulation.egg-info/top_level.txt
[1.091s] writing manifest file 'build/manipulation/manipulation.egg-info/SOURCES.txt'
[1.093s] reading manifest file 'build/manipulation/manipulation.egg-info/SOURCES.txt'
[1.094s] writing manifest file 'build/manipulation/manipulation.egg-info/SOURCES.txt'
[1.094s] running build
[1.094s] running build_py
[1.094s] creating /home/andy/ros2_ws/src/manipulation/build/manipulation/build
[1.094s] creating /home/andy/ros2_ws/src/manipulation/build/manipulation/build/lib
[1.094s] creating /home/andy/ros2_ws/src/manipulation/build/manipulation/build/lib/manipulation
[1.095s] copying manipulation/Manipulation_old1.py -> /home/andy/ros2_ws/src/manipulation/build/manipulation/build/lib/manipulation
[1.103s] copying manipulation/safe_old.py -> /home/andy/ros2_ws/src/manipulation/build/manipulation/build/lib/manipulation
[1.103s] copying manipulation/safe.py -> /home/andy/ros2_ws/src/manipulation/build/manipulation/build/lib/manipulation
[1.103s] copying manipulation/record.py -> /home/andy/ros2_ws/src/manipulation/build/manipulation/build/lib/manipulation
[1.103s] copying manipulation/Manipulation_FFF.py -> /home/andy/ros2_ws/src/manipulation/build/manipulation/build/lib/manipulation
[1.103s] copying manipulation/gen3lite_pymoveit2.py -> /home/andy/ros2_ws/src/manipulation/build/manipulation/build/lib/manipulation
[1.103s] copying manipulation/help.py -> /home/andy/ros2_ws/src/manipulation/build/manipulation/build/lib/manipulation
[1.103s] copying manipulation/monitor.py -> /home/andy/ros2_ws/src/manipulation/build/manipulation/build/lib/manipulation
[1.104s] copying manipulation/__init__.py -> /home/andy/ros2_ws/src/manipulation/build/manipulation/build/lib/manipulation
[1.104s] copying manipulation/Manipulation_old.py -> /home/andy/ros2_ws/src/manipulation/build/manipulation/build/lib/manipulation
[1.104s] copying manipulation/Manipulation.py -> /home/andy/ros2_ws/src/manipulation/build/manipulation/build/lib/manipulation
[1.104s] copying manipulation/Manipulation（复件）.py -> /home/andy/ros2_ws/src/manipulation/build/manipulation/build/lib/manipulation
[1.104s] copying manipulation/simulated_gripper_publisher.py -> /home/andy/ros2_ws/src/manipulation/build/manipulation/build/lib/manipulation
[1.105s] running install
[1.105s] running install_lib
[1.106s] creating /home/andy/ros2_ws/src/manipulation/install/manipulation/lib/python3.10/site-packages/manipulation
[1.106s] copying /home/andy/ros2_ws/src/manipulation/build/manipulation/build/lib/manipulation/Manipulation_old1.py -> /home/andy/ros2_ws/src/manipulation/install/manipulation/lib/python3.10/site-packages/manipulation
[1.106s] copying /home/andy/ros2_ws/src/manipulation/build/manipulation/build/lib/manipulation/safe_old.py -> /home/andy/ros2_ws/src/manipulation/install/manipulation/lib/python3.10/site-packages/manipulation
[1.106s] copying /home/andy/ros2_ws/src/manipulation/build/manipulation/build/lib/manipulation/safe.py -> /home/andy/ros2_ws/src/manipulation/install/manipulation/lib/python3.10/site-packages/manipulation
[1.107s] copying /home/andy/ros2_ws/src/manipulation/build/manipulation/build/lib/manipulation/record.py -> /home/andy/ros2_ws/src/manipulation/install/manipulation/lib/python3.10/site-packages/manipulation
[1.107s] copying /home/andy/ros2_ws/src/manipulation/build/manipulation/build/lib/manipulation/Manipulation_FFF.py -> /home/andy/ros2_ws/src/manipulation/install/manipulation/lib/python3.10/site-packages/manipulation
[1.107s] copying /home/andy/ros2_ws/src/manipulation/build/manipulation/build/lib/manipulation/gen3lite_pymoveit2.py -> /home/andy/ros2_ws/src/manipulation/install/manipulation/lib/python3.10/site-packages/manipulation
[1.107s] copying /home/andy/ros2_ws/src/manipulation/build/manipulation/build/lib/manipulation/help.py -> /home/andy/ros2_ws/src/manipulation/install/manipulation/lib/python3.10/site-packages/manipulation
[1.107s] copying /home/andy/ros2_ws/src/manipulation/build/manipulation/build/lib/manipulation/monitor.py -> /home/andy/ros2_ws/src/manipulation/install/manipulation/lib/python3.10/site-packages/manipulation
[1.107s] copying /home/andy/ros2_ws/src/manipulation/build/manipulation/build/lib/manipulation/__init__.py -> /home/andy/ros2_ws/src/manipulation/install/manipulation/lib/python3.10/site-packages/manipulation
[1.107s] copying /home/andy/ros2_ws/src/manipulation/build/manipulation/build/lib/manipulation/Manipulation_old.py -> /home/andy/ros2_ws/src/manipulation/install/manipulation/lib/python3.10/site-packages/manipulation
[1.107s] copying /home/andy/ros2_ws/src/manipulation/build/manipulation/build/lib/manipulation/Manipulation.py -> /home/andy/ros2_ws/src/manipulation/install/manipulation/lib/python3.10/site-packages/manipulation
[1.107s] copying /home/andy/ros2_ws/src/manipulation/build/manipulation/build/lib/manipulation/Manipulation（复件）.py -> /home/andy/ros2_ws/src/manipulation/install/manipulation/lib/python3.10/site-packages/manipulation
[1.107s] copying /home/andy/ros2_ws/src/manipulation/build/manipulation/build/lib/manipulation/simulated_gripper_publisher.py -> /home/andy/ros2_ws/src/manipulation/install/manipulation/lib/python3.10/site-packages/manipulation
[1.108s] byte-compiling /home/andy/ros2_ws/src/manipulation/install/manipulation/lib/python3.10/site-packages/manipulation/Manipulation_old1.py to Manipulation_old1.cpython-310.pyc
[1.113s] byte-compiling /home/andy/ros2_ws/src/manipulation/install/manipulation/lib/python3.10/site-packages/manipulation/safe_old.py to safe_old.cpython-310.pyc
[1.115s] byte-compiling /home/andy/ros2_ws/src/manipulation/install/manipulation/lib/python3.10/site-packages/manipulation/safe.py to safe.cpython-310.pyc
[1.116s] byte-compiling /home/andy/ros2_ws/src/manipulation/install/manipulation/lib/python3.10/site-packages/manipulation/record.py to record.cpython-310.pyc
[1.117s] byte-compiling /home/andy/ros2_ws/src/manipulation/install/manipulation/lib/python3.10/site-packages/manipulation/Manipulation_FFF.py to Manipulation_FFF.cpython-310.pyc
[1.125s] byte-compiling /home/andy/ros2_ws/src/manipulation/install/manipulation/lib/python3.10/site-packages/manipulation/gen3lite_pymoveit2.py to gen3lite_pymoveit2.cpython-310.pyc
[1.127s] byte-compiling /home/andy/ros2_ws/src/manipulation/install/manipulation/lib/python3.10/site-packages/manipulation/help.py to help.cpython-310.pyc
[1.130s] byte-compiling /home/andy/ros2_ws/src/manipulation/install/manipulation/lib/python3.10/site-packages/manipulation/monitor.py to monitor.cpython-310.pyc
[1.131s] byte-compiling /home/andy/ros2_ws/src/manipulation/install/manipulation/lib/python3.10/site-packages/manipulation/__init__.py to __init__.cpython-310.pyc
[1.131s] byte-compiling /home/andy/ros2_ws/src/manipulation/install/manipulation/lib/python3.10/site-packages/manipulation/Manipulation_old.py to Manipulation_old.cpython-310.pyc
[1.136s] byte-compiling /home/andy/ros2_ws/src/manipulation/install/manipulation/lib/python3.10/site-packages/manipulation/Manipulation.py to Manipulation.cpython-310.pyc
[1.141s] byte-compiling /home/andy/ros2_ws/src/manipulation/install/manipulation/lib/python3.10/site-packages/manipulation/Manipulation（复件）.py to Manipulation（复件）.cpython-310.pyc
[1.148s] byte-compiling /home/andy/ros2_ws/src/manipulation/install/manipulation/lib/python3.10/site-packages/manipulation/simulated_gripper_publisher.py to simulated_gripper_publisher.cpython-310.pyc
[1.149s] running install_data
[1.149s] creating /home/andy/ros2_ws/src/manipulation/install/manipulation/share/ament_index
[1.149s] creating /home/andy/ros2_ws/src/manipulation/install/manipulation/share/ament_index/resource_index
[1.149s] creating /home/andy/ros2_ws/src/manipulation/install/manipulation/share/ament_index/resource_index/packages
[1.149s] copying resource/manipulation -> /home/andy/ros2_ws/src/manipulation/install/manipulation/share/ament_index/resource_index/packages
[1.149s] copying package.xml -> /home/andy/ros2_ws/src/manipulation/install/manipulation/share/manipulation
[1.150s] running install_egg_info
[1.152s] Copying build/manipulation/manipulation.egg-info to /home/andy/ros2_ws/src/manipulation/install/manipulation/lib/python3.10/site-packages/manipulation-0.0.0-py3.10.egg-info
[1.153s] running install_scripts
[1.180s] Installing Manipulation script to /home/andy/ros2_ws/src/manipulation/install/manipulation/lib/manipulation
[1.180s] Installing gen3lite_pymoveit2 script to /home/andy/ros2_ws/src/manipulation/install/manipulation/lib/manipulation
[1.180s] Installing help script to /home/andy/ros2_ws/src/manipulation/install/manipulation/lib/manipulation
[1.180s] Installing monitor script to /home/andy/ros2_ws/src/manipulation/install/manipulation/lib/manipulation
[1.180s] Installing record script to /home/andy/ros2_ws/src/manipulation/install/manipulation/lib/manipulation
[1.180s] Installing safe script to /home/andy/ros2_ws/src/manipulation/install/manipulation/lib/manipulation
[1.180s] Installing simulated_gripper script to /home/andy/ros2_ws/src/manipulation/install/manipulation/lib/manipulation
[1.181s] writing list of installed files to '/home/andy/ros2_ws/src/manipulation/build/manipulation/install.log'
[1.209s] Invoked command in '/home/andy/ros2_ws/src/manipulation' returned '0': PYTHONPATH=/home/andy/ros2_ws/src/manipulation/build/manipulation/prefix_override:/usr/lib/python3/dist-packages/colcon_core/task/python/colcon_distutils_commands:/home/andy/ros2_ws/src/manipulation/install/manipulation/lib/python3.10/site-packages:${PYTHONPATH} /usr/bin/python3 -W ignore:setup.py install is deprecated -W ignore:easy_install command is deprecated setup.py egg_info --egg-base build/manipulation build --build-base /home/andy/ros2_ws/src/manipulation/build/manipulation/build install --record /home/andy/ros2_ws/src/manipulation/build/manipulation/install.log --single-version-externally-managed install_data
