/home/andy/ros2_ws/src/manipulation/install/manipulation/lib/python3.10/site-packages/manipulation/Manipulation_old1.py
/home/andy/ros2_ws/src/manipulation/install/manipulation/lib/python3.10/site-packages/manipulation/safe_old.py
/home/andy/ros2_ws/src/manipulation/install/manipulation/lib/python3.10/site-packages/manipulation/safe.py
/home/andy/ros2_ws/src/manipulation/install/manipulation/lib/python3.10/site-packages/manipulation/record.py
/home/andy/ros2_ws/src/manipulation/install/manipulation/lib/python3.10/site-packages/manipulation/Manipulation_FFF.py
/home/andy/ros2_ws/src/manipulation/install/manipulation/lib/python3.10/site-packages/manipulation/gen3lite_pymoveit2.py
/home/andy/ros2_ws/src/manipulation/install/manipulation/lib/python3.10/site-packages/manipulation/help.py
/home/andy/ros2_ws/src/manipulation/install/manipulation/lib/python3.10/site-packages/manipulation/monitor.py
/home/andy/ros2_ws/src/manipulation/install/manipulation/lib/python3.10/site-packages/manipulation/__init__.py
/home/andy/ros2_ws/src/manipulation/install/manipulation/lib/python3.10/site-packages/manipulation/Manipulation_old.py
/home/andy/ros2_ws/src/manipulation/install/manipulation/lib/python3.10/site-packages/manipulation/Manipulation.py
/home/andy/ros2_ws/src/manipulation/install/manipulation/lib/python3.10/site-packages/manipulation/Manipulation（复件）.py
/home/andy/ros2_ws/src/manipulation/install/manipulation/lib/python3.10/site-packages/manipulation/simulated_gripper_publisher.py
/home/andy/ros2_ws/src/manipulation/install/manipulation/lib/python3.10/site-packages/manipulation/__pycache__/Manipulation_old1.cpython-310.pyc
/home/andy/ros2_ws/src/manipulation/install/manipulation/lib/python3.10/site-packages/manipulation/__pycache__/safe_old.cpython-310.pyc
/home/andy/ros2_ws/src/manipulation/install/manipulation/lib/python3.10/site-packages/manipulation/__pycache__/safe.cpython-310.pyc
/home/andy/ros2_ws/src/manipulation/install/manipulation/lib/python3.10/site-packages/manipulation/__pycache__/record.cpython-310.pyc
/home/andy/ros2_ws/src/manipulation/install/manipulation/lib/python3.10/site-packages/manipulation/__pycache__/Manipulation_FFF.cpython-310.pyc
/home/andy/ros2_ws/src/manipulation/install/manipulation/lib/python3.10/site-packages/manipulation/__pycache__/gen3lite_pymoveit2.cpython-310.pyc
/home/andy/ros2_ws/src/manipulation/install/manipulation/lib/python3.10/site-packages/manipulation/__pycache__/help.cpython-310.pyc
/home/andy/ros2_ws/src/manipulation/install/manipulation/lib/python3.10/site-packages/manipulation/__pycache__/monitor.cpython-310.pyc
/home/andy/ros2_ws/src/manipulation/install/manipulation/lib/python3.10/site-packages/manipulation/__pycache__/__init__.cpython-310.pyc
/home/andy/ros2_ws/src/manipulation/install/manipulation/lib/python3.10/site-packages/manipulation/__pycache__/Manipulation_old.cpython-310.pyc
/home/andy/ros2_ws/src/manipulation/install/manipulation/lib/python3.10/site-packages/manipulation/__pycache__/Manipulation.cpython-310.pyc
/home/andy/ros2_ws/src/manipulation/install/manipulation/lib/python3.10/site-packages/manipulation/__pycache__/Manipulation（复件）.cpython-310.pyc
/home/andy/ros2_ws/src/manipulation/install/manipulation/lib/python3.10/site-packages/manipulation/__pycache__/simulated_gripper_publisher.cpython-310.pyc
/home/andy/ros2_ws/src/manipulation/install/manipulation/share/ament_index/resource_index/packages/manipulation
/home/andy/ros2_ws/src/manipulation/install/manipulation/share/manipulation/package.xml
/home/andy/ros2_ws/src/manipulation/install/manipulation/lib/python3.10/site-packages/manipulation-0.0.0-py3.10.egg-info/top_level.txt
/home/andy/ros2_ws/src/manipulation/install/manipulation/lib/python3.10/site-packages/manipulation-0.0.0-py3.10.egg-info/SOURCES.txt
/home/andy/ros2_ws/src/manipulation/install/manipulation/lib/python3.10/site-packages/manipulation-0.0.0-py3.10.egg-info/entry_points.txt
/home/andy/ros2_ws/src/manipulation/install/manipulation/lib/python3.10/site-packages/manipulation-0.0.0-py3.10.egg-info/requires.txt
/home/andy/ros2_ws/src/manipulation/install/manipulation/lib/python3.10/site-packages/manipulation-0.0.0-py3.10.egg-info/zip-safe
/home/andy/ros2_ws/src/manipulation/install/manipulation/lib/python3.10/site-packages/manipulation-0.0.0-py3.10.egg-info/PKG-INFO
/home/andy/ros2_ws/src/manipulation/install/manipulation/lib/python3.10/site-packages/manipulation-0.0.0-py3.10.egg-info/dependency_links.txt
/home/andy/ros2_ws/src/manipulation/install/manipulation/lib/manipulation/Manipulation
/home/andy/ros2_ws/src/manipulation/install/manipulation/lib/manipulation/gen3lite_pymoveit2
/home/andy/ros2_ws/src/manipulation/install/manipulation/lib/manipulation/help
/home/andy/ros2_ws/src/manipulation/install/manipulation/lib/manipulation/monitor
/home/andy/ros2_ws/src/manipulation/install/manipulation/lib/manipulation/record
/home/andy/ros2_ws/src/manipulation/install/manipulation/lib/manipulation/safe
/home/andy/ros2_ws/src/manipulation/install/manipulation/lib/manipulation/simulated_gripper
